[2026-02-09 17:18:17] [INFO] Logger initialisiert. Logfile: C:\Users\Debeka\IdeaProjects\PowerShell\LOGS\log_20260209.log
[2026-02-09 17:18:17] [INFO] Erfasse installierte Programme (64-bit & 32-bit)...
[2026-02-09 17:18:17] [INFO] Installierte Programme gefunden: 84
[2026-02-09 17:18:17] [DEBUG] Name='Git' Version='2.45.1' Publisher='The Git Development Community' InstallDate='20251218'
[2026-02-09 17:18:17] [DEBUG] Name='IntelliJ IDEA 2025.3.1.1' Version='253.29346.240' Publisher='JetBrains s.r.o.' InstallDate=''
[2026-02-09 17:18:17] [DEBUG] Name='Microsoft 365 - de-de' Version='16.0.19628.20166' Publisher='Microsoft Corporation' InstallDate=''
[2026-02-09 17:18:17] [DEBUG] Name='Microsoft OneDrive' Version='26.007.0112.0002' Publisher='Microsoft Corporation' InstallDate=''
[2026-02-09 17:18:17] [DEBUG] Name='TeamViewer' Version='15.74.5' Publisher='TeamViewer' InstallDate=''
[2026-02-09 17:18:17] [DEBUG] Name='Microsoft Visual C++ 2013 x64 Additional Runtime - 12.0.40664' Version='12.0.40664' Publisher='Microsoft Corporation' InstallDate='20250803'
[2026-02-09 17:18:17] [DEBUG] Name='DaVinci Resolve' Version='20.1.10007' Publisher='Blackmagic Design' InstallDate='20250828'
[2026-02-09 17:18:17] [DEBUG] Name='Microsoft Windows Desktop Runtime - 8.0.23 (x64)' Version='64.92.45458' Publisher='Microsoft Corporation' InstallDate='20260117'
[2026-02-09 17:18:17] [DEBUG] Name='Microsoft .NET Runtime - 8.0.23 (x64)' Version='64.92.45415' Publisher='Microsoft Corporation' InstallDate='20260117'
[2026-02-09 17:18:17] [DEBUG] Name='Microsoft Visual C++ 2013 x64 Minimum Runtime - 12.0.40664' Version='12.0.40664' Publisher='Microsoft Corporation' InstallDate='20250803'
[2026-02-09 17:18:17] [DEBUG] Name='Microsoft Visual C++ 2022 X64 Minimum Runtime - 14.50.35719' Version='14.50.35719' Publisher='Microsoft Corporation' InstallDate='20260117'
[2026-02-09 17:18:17] [DEBUG] Name='UiPath Platform' Version='100.1.152' Publisher='UiPath' InstallDate='20260120'
[2026-02-09 17:18:17] [DEBUG] Name='Java(TM) SE Development Kit 25.0.2 (64-bit)' Version='25.0.2.0' Publisher='Oracle Corporation' InstallDate='20260122'
[2026-02-09 17:18:17] [DEBUG] Name='PDF24 Creator 11.29.0' Version='11.29.0' Publisher='Geek Software GmbH' InstallDate='20260117'
[2026-02-09 17:18:17] [DEBUG] Name='Logi Options+' Version='1.99.834046' Publisher='Logitech' InstallDate=''
[2026-02-09 17:18:17] [DEBUG] Name='Corsair Device Control Service' Version='1.9.9' Publisher='Corsair' InstallDate='20260130'
[2026-02-09 17:18:17] [DEBUG] Name='DaVinci Resolve Renderer' Version='20.1.10007' Publisher='Blackmagic Design' InstallDate='20250828'
[2026-02-09 17:18:17] [DEBUG] Name='Acronis Drivers' Version='29.0.41936' Publisher='Acronis' InstallDate='20251026'
[2026-02-09 17:18:17] [DEBUG] Name='Microsoft .NET Host - 8.0.23 (x64)' Version='64.92.45415' Publisher='Microsoft Corporation' InstallDate='20260117'
[2026-02-09 17:18:17] [DEBUG] Name='Office 16 Click-to-Run Licensing Component' Version='16.0.19029.20208' Publisher='Microsoft Corporation' InstallDate='20250822'
[2026-02-09 17:18:17] [DEBUG] Name='Office 16 Click-to-Run Extensibility Component' Version='16.0.19426.20170' Publisher='Microsoft Corporation' InstallDate='20251206'
[2026-02-09 17:18:17] [DEBUG] Name='Office 16 Click-to-Run Localization Component' Version='16.0.19426.20170' Publisher='Microsoft Corporation' InstallDate='20251206'
[2026-02-09 17:18:17] [DEBUG] Name='AMD Application Compatibility Database File' Version='' Publisher='' InstallDate=''
[2026-02-09 17:18:17] [DEBUG] Name='Microsoft .NET Host FX Resolver - 8.0.23 (x64)' Version='64.92.45415' Publisher='Microsoft Corporation' InstallDate='20260117'
[2026-02-09 17:18:17] [DEBUG] Name='Microsoft Teams Meeting Add-in for Microsoft Office' Version='1.25.28902' Publisher='Microsoft' InstallDate='20251128'
[2026-02-09 17:18:17] [DEBUG] Name='Corsair iCUE5 Software' Version='5.40.67' Publisher='Corsair' InstallDate=''
[2026-02-09 17:18:17] [DEBUG] Name='Microsoft Visual C++ 2022 X64 Additional Runtime - 14.50.35719' Version='14.50.35719' Publisher='Microsoft Corporation' InstallDate='20260117'
[2026-02-09 17:18:17] [DEBUG] Name='NVIDIA Grafiktreiber 581.57' Version='581.57' Publisher='NVIDIA Corporation' InstallDate='20251019'
[2026-02-09 17:18:17] [DEBUG] Name='NVIDIA App 11.0.5.266' Version='11.0.5.266' Publisher='NVIDIA Corporation' InstallDate='20251019'
[2026-02-09 17:18:17] [DEBUG] Name='NVIDIA MessageBus 3 for NvApp' Version='3.16' Publisher='NVIDIA Corporation' InstallDate='20251019'
[2026-02-09 17:18:17] [DEBUG] Name='NVIDIA Backend' Version='11.0.5.266' Publisher='NVIDIA Corporation' InstallDate='20251019'
[2026-02-09 17:18:17] [DEBUG] Name='NvCpl' Version='1.0' Publisher='NVIDIA Corporation' InstallDate='20251019'
[2026-02-09 17:18:17] [DEBUG] Name='NVIDIA PhysX-Systemsoftware 9.23.1019' Version='9.23.1019' Publisher='NVIDIA Corporation' InstallDate='20250803'
[2026-02-09 17:18:17] [DEBUG] Name='NVIDIA FrameView SDK 1.5.11504.36206172' Version='1.5.11504.36206172' Publisher='NVIDIA Corporation' InstallDate='20251019'
[2026-02-09 17:18:17] [DEBUG] Name='NVIDIA HD-Audiotreiber 1.4.5.0' Version='1.4.5.0' Publisher='NVIDIA Corporation' InstallDate='20251019'
[2026-02-09 17:18:17] [DEBUG] Name='NVIDIA Install Application' Version='2.1002.438.0' Publisher='NVIDIA Corporation' InstallDate='20251019'
[2026-02-09 17:18:17] [DEBUG] Name='NVIDIA Container' Version='1.44' Publisher='NVIDIA Corporation' InstallDate='20251019'
[2026-02-09 17:18:17] [DEBUG] Name='NVIDIA AIUser Container' Version='1.44' Publisher='NVIDIA Corporation' InstallDate='20251019'
[2026-02-09 17:18:17] [DEBUG] Name='NVIDIA LocalSystem Container' Version='1.44' Publisher='NVIDIA Corporation' InstallDate='20251019'
[2026-02-09 17:18:17] [DEBUG] Name='NVIDIA Session Container' Version='1.44' Publisher='NVIDIA Corporation' InstallDate='20251019'
[2026-02-09 17:18:17] [DEBUG] Name='NVIDIA User Container' Version='1.44' Publisher='NVIDIA Corporation' InstallDate='20251019'
[2026-02-09 17:18:17] [DEBUG] Name='NVIDIA NvDLISR' Version='1.0' Publisher='NVIDIA Corporation' InstallDate='20251019'
[2026-02-09 17:18:17] [DEBUG] Name='NVIDIA Watchdog Plugin for NvContainer' Version='1.44' Publisher='NVIDIA Corporation' InstallDate='20251019'
[2026-02-09 17:18:17] [DEBUG] Name='NVIDIA Telemetry Client' Version='19.4.29.0' Publisher='NVIDIA Corporation' InstallDate='20251019'
[2026-02-09 17:18:17] [DEBUG] Name='NVIDIA ShadowPlay 11.0.5.0' Version='11.0.5.0' Publisher='NVIDIA Corporation' InstallDate='20251019'
[2026-02-09 17:18:17] [DEBUG] Name='NVIDIA Virtual Audio 4.65.0.3' Version='4.65.0.3' Publisher='NVIDIA Corporation' InstallDate='20251019'
[2026-02-09 17:18:17] [DEBUG] Name='OpenRPA' Version='1.4.57.13' Publisher='OpenRPA ApS' InstallDate='20251020'
[2026-02-09 17:18:17] [DEBUG] Name='Logi RightSightForWebcams 1.1.207' Version='1.1.207.0' Publisher='Logitech' InstallDate='20251125'
[2026-02-09 17:18:17] [DEBUG] Name='Microsoft GameInput' Version='10.1.26100.6879' Publisher='Microsoft Corporation' InstallDate='20251106'
[2026-02-09 17:18:17] [DEBUG] Name='RAW Viewer' Version='5.0.0.12180' Publisher='Sony Corporation' InstallDate='20251005'
[2026-02-09 17:18:17] [DEBUG] Name='HP PageWide Pro 477dw MFP - Grundlegende Software für das Gerät' Version='38.9.2003.21350' Publisher='HP Inc.' InstallDate='20250919'
[2026-02-09 17:18:17] [DEBUG] Name='Logi Plugin Service' Version='6.2.6.1611' Publisher='Logitech' InstallDate='20251203'
[2026-02-09 17:18:17] [DEBUG] Name='Google Chrome' Version='144.0.7559.133' Publisher='Google LLC' InstallDate='20260206'
[2026-02-09 17:18:17] [DEBUG] Name='RAW Viewer' Version='5.0.0.12180' Publisher='Sony Corporation' InstallDate='20251005'
[2026-02-09 17:18:17] [DEBUG] Name='Microsoft Edge WebView2-Laufzeit' Version='144.0.3719.104' Publisher='Microsoft Corporation' InstallDate='20260206'
[2026-02-09 17:18:17] [DEBUG] Name='OBS Studio' Version='32.0.4' Publisher='OBS Project' InstallDate=''
[2026-02-09 17:18:17] [DEBUG] Name='Rockstar Games Launcher' Version='1.0.105.2720' Publisher='Rockstar Games' InstallDate=''
[2026-02-09 17:18:17] [DEBUG] Name='Rockstar Games SDK' Version='2.4.0.146' Publisher='Rockstar Games' InstallDate=''
[2026-02-09 17:18:17] [DEBUG] Name='HP Google Drive Plugin' Version='36.0.41.58587' Publisher='HP' InstallDate='20250919'
[2026-02-09 17:18:17] [DEBUG] Name='Microsoft Visual C++ 2013 Redistributable (x64) - 12.0.40664' Version='12.0.40664.0' Publisher='Microsoft Corporation' InstallDate=''
[2026-02-09 17:18:17] [DEBUG] Name='Corsair Device Control Service' Version='1.9.9' Publisher='Corsair' InstallDate=''
[2026-02-09 17:18:17] [DEBUG] Name='Microsoft Visual C++ v14 Redistributable (x86) - 14.50.35719' Version='14.50.35719.0' Publisher='Microsoft Corporation' InstallDate=''
[2026-02-09 17:18:17] [DEBUG] Name='Power Automate for desktop' Version='2.63.00163.25342' Publisher='Microsoft Corporation' InstallDate='20260117'
[2026-02-09 17:18:17] [DEBUG] Name='HP Dropbox Plugin' Version='36.0.41.58587' Publisher='HP' InstallDate='20250919'
[2026-02-09 17:18:17] [DEBUG] Name='Power Automate for desktop' Version='2.63.00163.25342' Publisher='Microsoft Corporation' InstallDate='20260117'
[2026-02-09 17:18:17] [DEBUG] Name='Microsoft Visual C++ 2022 X86 Minimum Runtime - 14.50.35719' Version='14.50.35719' Publisher='Microsoft Corporation' InstallDate='20260117'
[2026-02-09 17:18:17] [DEBUG] Name='Grand Theft Auto V Enhanced' Version='1.0.1013.20' Publisher='Rockstar Games' InstallDate=''
[2026-02-09 17:18:17] [DEBUG] Name='Microsoft Windows Desktop Runtime - 8.0.23 (x86)' Version='64.92.45458' Publisher='Microsoft Corporation' InstallDate='20260117'
[2026-02-09 17:18:17] [DEBUG] Name='Microsoft .NET Host - 8.0.23 (x86)' Version='64.92.45415' Publisher='Microsoft Corporation' InstallDate='20260117'
[2026-02-09 17:18:17] [DEBUG] Name='Microsoft Visual C++ 2022 X86 Additional Runtime - 14.50.35719' Version='14.50.35719' Publisher='Microsoft Corporation' InstallDate='20260117'
[2026-02-09 17:18:17] [DEBUG] Name='Microsoft Visual C++ 2013 x86 Minimum Runtime - 12.0.40664' Version='12.0.40664' Publisher='Microsoft Corporation' InstallDate='20250803'
[2026-02-09 17:18:17] [DEBUG] Name='Microsoft Visual C++ v14 Redistributable (x64) - 14.50.35719' Version='14.50.35719.0' Publisher='Microsoft Corporation' InstallDate=''
[2026-02-09 17:18:17] [DEBUG] Name='Microsoft Visual C++ 2008 Redistributable - x86 9.0.30729.17' Version='9.0.30729' Publisher='Microsoft Corporation' InstallDate='20250803'
[2026-02-09 17:18:17] [DEBUG] Name='Microsoft Visual C++ 2008 Redistributable - x86 9.0.30729.6161' Version='9.0.30729.6161' Publisher='Microsoft Corporation' InstallDate='20260117'
[2026-02-09 17:18:17] [DEBUG] Name='Microsoft Visual C++ 2013 Redistributable (x86) - 12.0.40664' Version='12.0.40664.0' Publisher='Microsoft Corporation' InstallDate=''
[2026-02-09 17:18:17] [DEBUG] Name='Microsoft Windows Desktop Runtime - 8.0.23 (x86)' Version='8.0.23.35609' Publisher='Microsoft Corporation' InstallDate=''
[2026-02-09 17:18:17] [DEBUG] Name='Microsoft .NET Host FX Resolver - 8.0.23 (x86)' Version='64.92.45415' Publisher='Microsoft Corporation' InstallDate='20260117'
[2026-02-09 17:18:17] [DEBUG] Name='Microsoft .NET Runtime - 8.0.23 (x86)' Version='64.92.45415' Publisher='Microsoft Corporation' InstallDate='20260117'
[2026-02-09 17:18:17] [DEBUG] Name='Microsoft Visual C++ 2013 x86 Additional Runtime - 12.0.40664' Version='12.0.40664' Publisher='Microsoft Corporation' InstallDate='20250803'
[2026-02-09 17:18:17] [DEBUG] Name='Microsoft Windows Desktop Runtime - 8.0.23 (x64)' Version='8.0.23.35609' Publisher='Microsoft Corporation' InstallDate=''
[2026-02-09 17:18:17] [DEBUG] Name='HP PageWide Pro 477dn MFP Hilfe' Version='44.0.0' Publisher='HP' InstallDate='20250919'
[2026-02-09 17:18:17] [DEBUG] Name='Acronis True Image for Western Digital' Version='29.0.41936' Publisher='Acronis' InstallDate='20251026'
[2026-02-09 17:18:17] [DEBUG] Name='Acronis True Image for Western Digital' Version='29.0.41936' Publisher='Acronis' InstallDate='20251026'
[2026-02-09 17:18:17] [DEBUG] Name='T.Flight Hotas drivers' Version='4.TFHT.2025' Publisher='Thrustmaster' InstallDate='20250810'
[2026-02-09 17:18:17] [INFO] Software-Inventur abgeschlossen.
[2026-02-09 17:24:19] [INFO] Logger initialisiert. Logfile: C:\Users\Debeka\IdeaProjects\PowerShell\LOGS\log_20260209.log
[2026-02-09 17:24:19] [INFO] Erfasse installierte Programme (64-bit & 32-bit)...
[2026-02-09 17:24:19] [INFO] Installierte Programme gefunden: 84
[2026-02-09 17:24:19] [DEBUG] Name='Git' Version='2.45.1' Publisher='The Git Development Community' InstallDate='20251218'
[2026-02-09 17:24:19] [DEBUG] Name='IntelliJ IDEA 2025.3.1.1' Version='253.29346.240' Publisher='JetBrains s.r.o.' InstallDate=''
[2026-02-09 17:24:19] [DEBUG] Name='Microsoft 365 - de-de' Version='16.0.19628.20166' Publisher='Microsoft Corporation' InstallDate=''
[2026-02-09 17:24:19] [DEBUG] Name='Microsoft OneDrive' Version='26.007.0112.0002' Publisher='Microsoft Corporation' InstallDate=''
[2026-02-09 17:24:19] [DEBUG] Name='Microsoft Visual C++ 2013 x64 Additional Runtime - 12.0.40664' Version='12.0.40664' Publisher='Microsoft Corporation' InstallDate='20250803'
[2026-02-09 17:24:19] [DEBUG] Name='DaVinci Resolve' Version='20.1.10007' Publisher='Blackmagic Design' InstallDate='20250828'
[2026-02-09 17:24:19] [DEBUG] Name='Microsoft Windows Desktop Runtime - 8.0.23 (x64)' Version='64.92.45458' Publisher='Microsoft Corporation' InstallDate='20260117'
[2026-02-09 17:24:19] [DEBUG] Name='Microsoft .NET Runtime - 8.0.23 (x64)' Version='64.92.45415' Publisher='Microsoft Corporation' InstallDate='20260117'
[2026-02-09 17:24:19] [DEBUG] Name='Microsoft Visual C++ 2013 x64 Minimum Runtime - 12.0.40664' Version='12.0.40664' Publisher='Microsoft Corporation' InstallDate='20250803'
[2026-02-09 17:24:19] [DEBUG] Name='Microsoft Visual C++ 2022 X64 Minimum Runtime - 14.50.35719' Version='14.50.35719' Publisher='Microsoft Corporation' InstallDate='20260117'
[2026-02-09 17:24:19] [DEBUG] Name='UiPath Platform' Version='100.1.152' Publisher='UiPath' InstallDate='20260120'
[2026-02-09 17:24:19] [DEBUG] Name='Java(TM) SE Development Kit 25.0.2 (64-bit)' Version='25.0.2.0' Publisher='Oracle Corporation' InstallDate='20260122'
[2026-02-09 17:24:19] [DEBUG] Name='PDF24 Creator 11.29.0' Version='11.29.0' Publisher='Geek Software GmbH' InstallDate='20260117'
[2026-02-09 17:24:19] [DEBUG] Name='Logi Options+' Version='1.99.834046' Publisher='Logitech' InstallDate=''
[2026-02-09 17:24:19] [DEBUG] Name='Corsair Device Control Service' Version='1.9.9' Publisher='Corsair' InstallDate='20260130'
[2026-02-09 17:24:19] [DEBUG] Name='DaVinci Resolve Renderer' Version='20.1.10007' Publisher='Blackmagic Design' InstallDate='20250828'
[2026-02-09 17:24:19] [DEBUG] Name='Acronis Drivers' Version='29.0.41936' Publisher='Acronis' InstallDate='20251026'
[2026-02-09 17:24:19] [DEBUG] Name='Microsoft .NET Host - 8.0.23 (x64)' Version='64.92.45415' Publisher='Microsoft Corporation' InstallDate='20260117'
[2026-02-09 17:24:19] [DEBUG] Name='Office 16 Click-to-Run Licensing Component' Version='16.0.19029.20208' Publisher='Microsoft Corporation' InstallDate='20250822'
[2026-02-09 17:24:19] [DEBUG] Name='Office 16 Click-to-Run Extensibility Component' Version='16.0.19426.20170' Publisher='Microsoft Corporation' InstallDate='20251206'
[2026-02-09 17:24:19] [DEBUG] Name='Office 16 Click-to-Run Localization Component' Version='16.0.19426.20170' Publisher='Microsoft Corporation' InstallDate='20251206'
[2026-02-09 17:24:19] [DEBUG] Name='AMD Application Compatibility Database File' Version='' Publisher='' InstallDate=''
[2026-02-09 17:24:19] [DEBUG] Name='Microsoft .NET Host FX Resolver - 8.0.23 (x64)' Version='64.92.45415' Publisher='Microsoft Corporation' InstallDate='20260117'
[2026-02-09 17:24:19] [DEBUG] Name='Microsoft Teams Meeting Add-in for Microsoft Office' Version='1.25.28902' Publisher='Microsoft' InstallDate='20251128'
[2026-02-09 17:24:19] [DEBUG] Name='Corsair iCUE5 Software' Version='5.40.67' Publisher='Corsair' InstallDate=''
[2026-02-09 17:24:19] [DEBUG] Name='Microsoft Visual C++ 2022 X64 Additional Runtime - 14.50.35719' Version='14.50.35719' Publisher='Microsoft Corporation' InstallDate='20260117'
[2026-02-09 17:24:19] [DEBUG] Name='NVIDIA Grafiktreiber 581.57' Version='581.57' Publisher='NVIDIA Corporation' InstallDate='20251019'
[2026-02-09 17:24:19] [DEBUG] Name='NVIDIA App 11.0.5.266' Version='11.0.5.266' Publisher='NVIDIA Corporation' InstallDate='20251019'
[2026-02-09 17:24:19] [DEBUG] Name='NVIDIA MessageBus 3 for NvApp' Version='3.16' Publisher='NVIDIA Corporation' InstallDate='20251019'
[2026-02-09 17:24:19] [DEBUG] Name='NVIDIA Backend' Version='11.0.5.266' Publisher='NVIDIA Corporation' InstallDate='20251019'
[2026-02-09 17:24:19] [DEBUG] Name='NvCpl' Version='1.0' Publisher='NVIDIA Corporation' InstallDate='20251019'
[2026-02-09 17:24:19] [DEBUG] Name='NVIDIA PhysX-Systemsoftware 9.23.1019' Version='9.23.1019' Publisher='NVIDIA Corporation' InstallDate='20250803'
[2026-02-09 17:24:19] [DEBUG] Name='NVIDIA FrameView SDK 1.5.11504.36206172' Version='1.5.11504.36206172' Publisher='NVIDIA Corporation' InstallDate='20251019'
[2026-02-09 17:24:19] [DEBUG] Name='NVIDIA HD-Audiotreiber 1.4.5.0' Version='1.4.5.0' Publisher='NVIDIA Corporation' InstallDate='20251019'
[2026-02-09 17:24:19] [DEBUG] Name='NVIDIA Install Application' Version='2.1002.438.0' Publisher='NVIDIA Corporation' InstallDate='20251019'
[2026-02-09 17:24:19] [DEBUG] Name='NVIDIA Container' Version='1.44' Publisher='NVIDIA Corporation' InstallDate='20251019'
[2026-02-09 17:24:19] [DEBUG] Name='NVIDIA AIUser Container' Version='1.44' Publisher='NVIDIA Corporation' InstallDate='20251019'
[2026-02-09 17:24:19] [DEBUG] Name='NVIDIA LocalSystem Container' Version='1.44' Publisher='NVIDIA Corporation' InstallDate='20251019'
[2026-02-09 17:24:19] [DEBUG] Name='NVIDIA Session Container' Version='1.44' Publisher='NVIDIA Corporation' InstallDate='20251019'
[2026-02-09 17:24:19] [DEBUG] Name='NVIDIA User Container' Version='1.44' Publisher='NVIDIA Corporation' InstallDate='20251019'
[2026-02-09 17:24:19] [DEBUG] Name='NVIDIA NvDLISR' Version='1.0' Publisher='NVIDIA Corporation' InstallDate='20251019'
[2026-02-09 17:24:19] [DEBUG] Name='NVIDIA Watchdog Plugin for NvContainer' Version='1.44' Publisher='NVIDIA Corporation' InstallDate='20251019'
[2026-02-09 17:24:19] [DEBUG] Name='NVIDIA Telemetry Client' Version='19.4.29.0' Publisher='NVIDIA Corporation' InstallDate='20251019'
[2026-02-09 17:24:19] [DEBUG] Name='NVIDIA ShadowPlay 11.0.5.0' Version='11.0.5.0' Publisher='NVIDIA Corporation' InstallDate='20251019'
[2026-02-09 17:24:19] [DEBUG] Name='NVIDIA Virtual Audio 4.65.0.3' Version='4.65.0.3' Publisher='NVIDIA Corporation' InstallDate='20251019'
[2026-02-09 17:24:19] [DEBUG] Name='OpenRPA' Version='1.4.57.13' Publisher='OpenRPA ApS' InstallDate='20251020'
[2026-02-09 17:24:19] [DEBUG] Name='Logi RightSightForWebcams 1.1.207' Version='1.1.207.0' Publisher='Logitech' InstallDate='20251125'
[2026-02-09 17:24:19] [DEBUG] Name='Microsoft GameInput' Version='10.1.26100.6879' Publisher='Microsoft Corporation' InstallDate='20251106'
[2026-02-09 17:24:19] [DEBUG] Name='RAW Viewer' Version='5.0.0.12180' Publisher='Sony Corporation' InstallDate='20251005'
[2026-02-09 17:24:19] [DEBUG] Name='HP PageWide Pro 477dw MFP - Grundlegende Software für das Gerät' Version='38.9.2003.21350' Publisher='HP Inc.' InstallDate='20250919'
[2026-02-09 17:24:19] [DEBUG] Name='Logi Plugin Service' Version='6.2.6.1611' Publisher='Logitech' InstallDate='20251203'
[2026-02-09 17:24:19] [DEBUG] Name='Google Chrome' Version='144.0.7559.133' Publisher='Google LLC' InstallDate='20260206'
[2026-02-09 17:24:19] [DEBUG] Name='RAW Viewer' Version='5.0.0.12180' Publisher='Sony Corporation' InstallDate='20251005'
[2026-02-09 17:24:19] [DEBUG] Name='Microsoft Edge WebView2-Laufzeit' Version='144.0.3719.104' Publisher='Microsoft Corporation' InstallDate='20260206'
[2026-02-09 17:24:19] [DEBUG] Name='OBS Studio' Version='32.0.4' Publisher='OBS Project' InstallDate=''
[2026-02-09 17:24:19] [DEBUG] Name='Rockstar Games Launcher' Version='1.0.105.2720' Publisher='Rockstar Games' InstallDate=''
[2026-02-09 17:24:19] [DEBUG] Name='Rockstar Games SDK' Version='2.4.0.146' Publisher='Rockstar Games' InstallDate=''
[2026-02-09 17:24:19] [DEBUG] Name='HP Google Drive Plugin' Version='36.0.41.58587' Publisher='HP' InstallDate='20250919'
[2026-02-09 17:24:19] [DEBUG] Name='Microsoft Visual C++ 2013 Redistributable (x64) - 12.0.40664' Version='12.0.40664.0' Publisher='Microsoft Corporation' InstallDate=''
[2026-02-09 17:24:19] [DEBUG] Name='Corsair Device Control Service' Version='1.9.9' Publisher='Corsair' InstallDate=''
[2026-02-09 17:24:19] [DEBUG] Name='Microsoft Visual C++ v14 Redistributable (x86) - 14.50.35719' Version='14.50.35719.0' Publisher='Microsoft Corporation' InstallDate=''
[2026-02-09 17:24:19] [DEBUG] Name='Power Automate for desktop' Version='2.63.00163.25342' Publisher='Microsoft Corporation' InstallDate='20260117'
[2026-02-09 17:24:19] [DEBUG] Name='HP Dropbox Plugin' Version='36.0.41.58587' Publisher='HP' InstallDate='20250919'
[2026-02-09 17:24:19] [DEBUG] Name='Power Automate for desktop' Version='2.63.00163.25342' Publisher='Microsoft Corporation' InstallDate='20260117'
[2026-02-09 17:24:19] [DEBUG] Name='Microsoft Visual C++ 2022 X86 Minimum Runtime - 14.50.35719' Version='14.50.35719' Publisher='Microsoft Corporation' InstallDate='20260117'
[2026-02-09 17:24:19] [DEBUG] Name='Grand Theft Auto V Enhanced' Version='1.0.1013.20' Publisher='Rockstar Games' InstallDate=''
[2026-02-09 17:24:19] [DEBUG] Name='Microsoft Windows Desktop Runtime - 8.0.23 (x86)' Version='64.92.45458' Publisher='Microsoft Corporation' InstallDate='20260117'
[2026-02-09 17:24:19] [DEBUG] Name='Microsoft .NET Host - 8.0.23 (x86)' Version='64.92.45415' Publisher='Microsoft Corporation' InstallDate='20260117'
[2026-02-09 17:24:19] [DEBUG] Name='Microsoft Visual C++ 2022 X86 Additional Runtime - 14.50.35719' Version='14.50.35719' Publisher='Microsoft Corporation' InstallDate='20260117'
[2026-02-09 17:24:19] [DEBUG] Name='Microsoft Visual C++ 2013 x86 Minimum Runtime - 12.0.40664' Version='12.0.40664' Publisher='Microsoft Corporation' InstallDate='20250803'
[2026-02-09 17:24:19] [DEBUG] Name='Microsoft Visual C++ v14 Redistributable (x64) - 14.50.35719' Version='14.50.35719.0' Publisher='Microsoft Corporation' InstallDate=''
[2026-02-09 17:24:19] [DEBUG] Name='Microsoft Visual C++ 2008 Redistributable - x86 9.0.30729.17' Version='9.0.30729' Publisher='Microsoft Corporation' InstallDate='20250803'
[2026-02-09 17:24:19] [DEBUG] Name='Microsoft Visual C++ 2008 Redistributable - x86 9.0.30729.6161' Version='9.0.30729.6161' Publisher='Microsoft Corporation' InstallDate='20260117'
[2026-02-09 17:24:19] [DEBUG] Name='Microsoft Visual C++ 2013 Redistributable (x86) - 12.0.40664' Version='12.0.40664.0' Publisher='Microsoft Corporation' InstallDate=''
[2026-02-09 17:24:19] [DEBUG] Name='Microsoft Windows Desktop Runtime - 8.0.23 (x86)' Version='8.0.23.35609' Publisher='Microsoft Corporation' InstallDate=''
[2026-02-09 17:24:19] [DEBUG] Name='Microsoft .NET Host FX Resolver - 8.0.23 (x86)' Version='64.92.45415' Publisher='Microsoft Corporation' InstallDate='20260117'
[2026-02-09 17:24:19] [DEBUG] Name='Microsoft .NET Runtime - 8.0.23 (x86)' Version='64.92.45415' Publisher='Microsoft Corporation' InstallDate='20260117'
[2026-02-09 17:24:19] [DEBUG] Name='Microsoft Visual C++ 2013 x86 Additional Runtime - 12.0.40664' Version='12.0.40664' Publisher='Microsoft Corporation' InstallDate='20250803'
[2026-02-09 17:24:19] [DEBUG] Name='Microsoft Windows Desktop Runtime - 8.0.23 (x64)' Version='8.0.23.35609' Publisher='Microsoft Corporation' InstallDate=''
[2026-02-09 17:24:19] [DEBUG] Name='HP PageWide Pro 477dn MFP Hilfe' Version='44.0.0' Publisher='HP' InstallDate='20250919'
[2026-02-09 17:24:19] [DEBUG] Name='Acronis True Image for Western Digital' Version='29.0.41936' Publisher='Acronis' InstallDate='20251026'
[2026-02-09 17:24:19] [DEBUG] Name='Acronis True Image for Western Digital' Version='29.0.41936' Publisher='Acronis' InstallDate='20251026'
[2026-02-09 17:24:19] [DEBUG] Name='T.Flight Hotas drivers' Version='4.TFHT.2025' Publisher='Thrustmaster' InstallDate='20250810'
[2026-02-09 17:24:19] [INFO] Software-Inventur abgeschlossen.
